error: enum variant must have exactly one field
 --> tests/cases/multiple_fields.rs:6:1
  |
6 | / enum Messages {
7 | |     Test(String, String)
8 | | }
  | |_^
